// Jest Snapshot v1, https://goo.gl/fbAQLP

exports[`Input should render to match snapshot 1`] = `
<input
  className="input"
/>
`;
