// Jest Snapshot v1, https://goo.gl/fbAQLP

exports[`Message should render to match snapshot 1`] = `
<div
  className="message"
>
  <h2
    className="title"
  >
    title
  </h2>
  <p
    className="description"
  >
    description
  </p>
</div>
`;
